To honour the JVM settings for this build a single-use Daemon process will be forked. For more on this, please refer to https://docs.gradle.org/8.14.5/userguide/gradle_daemon.html#sec:disabling_the_daemon in the Gradle documentation.
Daemon will be stopped at the end of the build 
> Task :createMinecraftArtifacts UP-TO-DATE
> Task :compileJava UP-TO-DATE
> Task :processResources UP-TO-DATE
> Task :classes UP-TO-DATE
> Task :downloadAssets UP-TO-DATE
> Task :writeClientLegacyClasspath UP-TO-DATE
> Task :prepareClientRun UP-TO-DATE

> Task :runClient
WARN StatusConsoleListener Advanced terminal features are not available in this environment
[04:52:14] [main/INFO] [cp.mo.mo.Launcher/MODLAUNCHER]: ModLauncher running: args [--launchTarget, forgeclientdev, --version, 21.1.250, --assetIndex, 17, --assetsDir, /root/.gradle/caches/neoformruntime/assets, --gameDir, ., --fml.fmlVersion, 4.0.44, --fml.mcVersion, 1.21.1, --fml.neoForgeVersion, 21.1.250, --fml.neoFormVersion, 20240808.144430]
[04:52:14] [main/INFO] [cp.mo.mo.Launcher/MODLAUNCHER]: JVM identified as Eclipse Adoptium OpenJDK 64-Bit Server VM 21.0.12+8-LTS
[04:52:14] [main/INFO] [cp.mo.mo.Launcher/MODLAUNCHER]: ModLauncher 11.0.5+main.901c6ea8 starting: java version 21.0.12 by Eclipse Adoptium; OS Linux arch amd64 version 6.6.87.2-microsoft-standard-WSL2
[04:52:14] [main/WARN] [ne.ne.fm.lo.FMLConfig/CORE]: Configuration file /work/run/config/fml.toml is not correct. Correcting
[04:52:14] [main/INFO] [ne.ne.fm.lo.ImmediateWindowHandler/]: Loading ImmediateWindowProvider fmlearlywindow
[04:52:14] [main/INFO] [EARLYDISPLAY/]: Trying GL version 4.6
[04:52:14] [main/INFO] [EARLYDISPLAY/]: Trying GL version 4.5
[04:52:14] [main/INFO] [EARLYDISPLAY/]: Requested GL version 4.5 got version 4.5
[04:52:14] [main/INFO] [mixin/]: SpongePowered MIXIN Subsystem Version=0.8.7 Source=union:/root/.gradle/caches/modules-2/files-2.1/net.fabricmc/sponge-mixin/0.15.2+mixin.0.8.7/2af2f021d8e02a0220dc27a7a72b4666d66d44ca/sponge-mixin-0.15.2+mixin.0.8.7.jar%23126!/ Service=ModLauncher Env=CLIENT
[04:52:14] [main/WARN] [ne.ne.fm.lo.FMLConfig/CORE]: Configuration file /work/run/config/fml.toml is not correct. Correcting
[04:52:14] [pool-2-thread-1/INFO] [EARLYDISPLAY/]: GL info: llvmpipe (LLVM 21.1.8, 256 bits) GL version 4.5 (Core Profile) Mesa 26.0.8-1ubuntu0.3, Mesa
[04:52:15] [main/INFO] [ne.ne.fm.lo.mo.lo.JarInJarDependencyLocator/]: Found 2 dependencies adding them to mods collection
[04:52:15] [main/INFO] [ne.ne.fm.lo.mo.ModDiscoverer/]: 
     Mod List:
		Name Version (Mod Id)

		Lightning Fruit V 1.0.0 (lightningfruit)
		Minecraft 1.21.1 (minecraft)
		NeoForge 21.1.250 (neoforge)
[04:52:21] [main/INFO] [mixin/]: Compatibility level set to JAVA_17
[04:52:21] [main/INFO] [cp.mo.mo.LaunchServiceHandler/MODLAUNCHER]: Launching target 'forgeclientdev' with arguments [--version, 21.1.250, --gameDir, ., --assetsDir, /root/.gradle/caches/neoformruntime/assets, --assetIndex, 17]
[04:52:22] [Datafixer Bootstrap/INFO] [mojang/DataFixerBuilder]: 229 Datafixer optimizations took 184 milliseconds
[04:52:22] [pool-7-thread-1/INFO] [MixinExtras|Service/]: Initializing MixinExtras via com.llamalad7.mixinextras.service.MixinExtrasServiceImpl(version=0.5.3).
[04:52:29] [main/WARN] [minecraft/Commands]: Ambiguity between arguments [teleport, location] and [teleport, destination] with inputs: [0.1 -0.5 .9, 0 0 0]
[04:52:29] [main/WARN] [minecraft/Commands]: Ambiguity between arguments [teleport, location] and [teleport, targets] with inputs: [0.1 -0.5 .9, 0 0 0]
[04:52:29] [main/WARN] [minecraft/Commands]: Ambiguity between arguments [teleport, destination] and [teleport, targets] with inputs: [Player, 0123, @e, dd12be42-52a9-4a91-a8a1-11c01849e498]
[04:52:29] [main/WARN] [minecraft/Commands]: Ambiguity between arguments [teleport, targets] and [teleport, destination] with inputs: [Player, 0123, dd12be42-52a9-4a91-a8a1-11c01849e498]
[04:52:29] [main/WARN] [minecraft/Commands]: Ambiguity between arguments [teleport, targets, location] and [teleport, targets, destination] with inputs: [0.1 -0.5 .9, 0 0 0]
[04:52:29] [Render thread/WARN] [minecraft/VanillaPackResourcesBuilder]: Assets URL 'union:/work/build/moddev/artifacts/neoforge-21.1.250.jar%23177!/assets/.mcassetsroot' uses unexpected schema
[04:52:29] [Render thread/WARN] [minecraft/VanillaPackResourcesBuilder]: Assets URL 'union:/work/build/moddev/artifacts/neoforge-21.1.250.jar%23177!/data/.mcassetsroot' uses unexpected schema
[04:52:29] [Render thread/INFO] [mojang/YggdrasilAuthenticationService]: Environment: Environment[sessionHost=https://sessionserver.mojang.com, servicesHost=https://api.minecraftservices.com, name=PROD]
[04:52:29] [Render thread/INFO] [minecraft/Minecraft]: Setting user: Dev
[04:52:29] [Render thread/INFO] [minecraft/Minecraft]: Backend library: LWJGL version 3.3.3+5
[04:52:36] [modloading-worker-0/INFO] [ne.ne.ne.co.NeoForgeMod/NEOFORGE-MOD]: NeoForge mod loading, version 21.1.250, for MC 1.21.1
[W][04:52:37.269943] pw.conf      | [          conf.c: 1204 pw_conf_load_conf_for_context()] setting config.name to client-rt.conf is deprecated, using client.conf
[W][04:52:37.269993] pw.conf      | [          conf.c: 1182 try_load_conf()] can't load config client.conf: No such file or directory
[E][04:52:37.269998] pw.conf      | [          conf.c: 1215 pw_conf_load_conf_for_context()] can't load config client.conf: No such file or directory
[ALSOFT] (EE) Failed to create PipeWire event context (errno: 2)
[04:52:37] [Render thread/INFO] [ne.ne.ne.ga.GameTestHooks/]: Enabled Gametest Namespaces: [lightningfruit]
[lightningfruit] KeyBindings registered: Z/X/C/F/V/H
[04:52:38] [Render thread/INFO] [minecraft/ReloadableResourceManager]: Reloading ResourceManager: vanilla, mod_resources, mod/lightningfruit, mod/neoforge
[04:52:38] [Worker-Main-3/INFO] [minecraft/UnihexProvider]: Found unifont_jp_patch-15.1.05.hex, loading
[04:52:38] [Worker-Main-1/INFO] [minecraft/UnihexProvider]: Found unifont_all_no_pua-15.1.05.hex, loading
[04:52:40] [Worker-Main-21/WARN] [minecraft/ModelBakery]: Unable to load model: 'lightningfruit:item/fallen_exorcist_spawn_egg' referenced from: lightningfruit:item/fallen_exorcist_spawn_egg: java.io.FileNotFoundException: lightningfruit:models/item/fallen_exorcist_spawn_egg.json
[04:52:40] [Render thread/WARN] [minecraft/SoundEngine]: Missing sound for event: minecraft:item.goat_horn.play
[04:52:40] [Render thread/WARN] [minecraft/SoundEngine]: Missing sound for event: minecraft:entity.goat.screaming.horn_break
[04:52:40] [Render thread/INFO] [mojang/Library]: OpenAL initialized on device Dummy Output
[04:52:40] [Render thread/INFO] [minecraft/SoundEngine]: Sound engine started
[04:52:40] [Render thread/INFO] [minecraft/TextureAtlas]: Created: 1024x512x4 minecraft:textures/atlas/blocks.png-atlas
[04:52:40] [Render thread/INFO] [minecraft/TextureAtlas]: Created: 256x256x4 minecraft:textures/atlas/signs.png-atlas
[04:52:40] [Render thread/INFO] [minecraft/TextureAtlas]: Created: 512x512x4 minecraft:textures/atlas/shield_patterns.png-atlas
[04:52:40] [Render thread/INFO] [minecraft/TextureAtlas]: Created: 512x512x4 minecraft:textures/atlas/banner_patterns.png-atlas
[04:52:40] [Render thread/INFO] [minecraft/TextureAtlas]: Created: 1024x1024x4 minecraft:textures/atlas/armor_trims.png-atlas
[04:52:40] [Render thread/INFO] [minecraft/TextureAtlas]: Created: 128x64x4 minecraft:textures/atlas/decorated_pot.png-atlas
[04:52:40] [Render thread/INFO] [minecraft/TextureAtlas]: Created: 256x256x4 minecraft:textures/atlas/chest.png-atlas
[04:52:40] [Render thread/INFO] [minecraft/TextureAtlas]: Created: 512x256x4 minecraft:textures/atlas/shulker_boxes.png-atlas
[04:52:40] [Render thread/INFO] [minecraft/TextureAtlas]: Created: 512x256x4 minecraft:textures/atlas/beds.png-atlas
[04:52:41] [Render thread/INFO] [minecraft/TextureAtlas]: Created: 512x256x0 minecraft:textures/atlas/particles.png-atlas
[04:52:41] [Render thread/INFO] [minecraft/TextureAtlas]: Created: 512x256x0 minecraft:textures/atlas/paintings.png-atlas
[04:52:41] [Render thread/INFO] [minecraft/TextureAtlas]: Created: 256x128x0 minecraft:textures/atlas/mob_effects.png-atlas
[04:52:41] [Render thread/INFO] [minecraft/TextureAtlas]: Created: 64x64x0 minecraft:textures/atlas/map_decorations.png-atlas
[04:52:41] [Render thread/INFO] [minecraft/TextureAtlas]: Created: 1024x512x0 minecraft:textures/atlas/gui.png-atlas
[04:52:41] [Render thread/WARN] [minecraft/ShaderInstance]: Shader rendertype_entity_translucent_emissive could not find sampler named Sampler2 in the specified shader program.
[04:52:41] [Render thread/INFO] [ne.ne.ne.cl.en.an.js.AnimationLoader/]: Loaded 0 entity animations
[04:52:55] [Render thread/INFO] [minecraft/RecipeManager]: Loaded 1290 recipes
[04:52:55] [Render thread/INFO] [minecraft/AdvancementTree]: Loaded 1399 advancements
[04:52:55] [Server thread/INFO] [minecraft/IntegratedServer]: Starting integrated minecraft server version 1.21.1
[04:52:55] [Server thread/INFO] [minecraft/MinecraftServer]: Generating keypair
[04:52:56] [Server thread/INFO] [minecraft/MinecraftServer]: Preparing start region for dimension minecraft:overworld
[04:52:57] [progressListener/INFO] [minecraft/LoggerChunkProgressListener]: Preparing spawn area: 0%
[04:52:57] [Server thread/INFO] [ne.ne.ne.se.pe.PermissionAPI/]: Successfully initialized permission handler neoforge:default_handler
[04:52:57] [progressListener/INFO] [minecraft/LoggerChunkProgressListener]: Time elapsed: 471 ms
[04:52:57] [Server thread/INFO] [minecraft/IntegratedServer]: Changing view distance to 12, from 10
[04:52:57] [Server thread/INFO] [minecraft/IntegratedServer]: Changing simulation distance to 12, from 0
[04:52:58] [Server thread/INFO] [minecraft/PlayerList]: Dev[local:E:47f1475d] logged in with entity id 15 at (1027.300000011921, 77.0, 957.4567684778655)
[04:52:58] [Server thread/INFO] [minecraft/MinecraftServer]: Dev joined the game
[04:52:59] [Render thread/INFO] [minecraft/AdvancementTree]: Loaded 99 advancements
[04:53:16] [Server thread/INFO] [minecraft/MinecraftServer]: [Dev: Set the time to 1000]
[04:53:16] [Render thread/INFO] [minecraft/ChatComponent]: [System] [CHAT] Set the time to 1000
[04:53:19] [Server thread/INFO] [minecraft/MinecraftServer]: [Dev: Teleported Dev to 1427.300000, 80.000000, 1357.456768]
[04:53:19] [Render thread/INFO] [minecraft/ChatComponent]: [System] [CHAT] Teleported Dev to 1427.300000, 80.000000, 1357.456768
[04:53:23] [Server thread/INFO] [minecraft/MinecraftServer]: [Dev: Gave 1 [Electro Apple] to Dev]
[04:53:23] [Render thread/INFO] [minecraft/ChatComponent]: [System] [CHAT] Gave 1 [Electro Apple] to Dev
[lightningfruit] holding item, keybinds ready
[04:54:50] [Render thread/WARN] [minecraft/SoundEngine]: Unable to play empty soundEvent: minecraft:entity.salmon.ambient
[05:05:39] [Server thread/INFO] [minecraft/MinecraftServer]: [Dev: Set the weather to clear]
[05:05:39] [Render thread/INFO] [minecraft/ChatComponent]: [System] [CHAT] Set the weather to clear
[05:05:41] [Server thread/INFO] [minecraft/MinecraftServer]: [Dev: Teleported Dev to 1428.046481, 48.000000, 1357.248171]
[05:05:41] [Render thread/INFO] [minecraft/ChatComponent]: [System] [CHAT] Teleported Dev to 1428.046481, 48.000000, 1357.248171
[05:05:45] [Server thread/INFO] [minecraft/MinecraftServer]: [Dev: Gave 1 [Electro Apple] to Dev]
[05:05:45] [Render thread/INFO] [minecraft/ChatComponent]: [System] [CHAT] Gave 1 [Electro Apple] to Dev
[lightningfruit] holding item, keybinds ready
[lightningfruit] holding item, keybinds ready
[05:14:45] [Server thread/INFO] [minecraft/MinecraftServer]: [Dev: Teleported Dev to -399.500000, 400.000000, -399.500000]
[05:14:45] [Render thread/INFO] [minecraft/ChatComponent]: [System] [CHAT] Teleported Dev to -399.500000, 400.000000, -399.500000
[05:14:45] [Server thread/INFO] [minecraft/MinecraftServer]: [Dev: Set the weather to clear]
[05:14:45] [Render thread/INFO] [minecraft/ChatComponent]: [System] [CHAT] Set the weather to clear
[05:14:46] [Server thread/INFO] [minecraft/MinecraftServer]: [Dev: Set the time to 1000]
[05:14:46] [Render thread/INFO] [minecraft/ChatComponent]: [System] [CHAT] Set the time to 1000
[05:14:51] [Server thread/INFO] [minecraft/MinecraftServer]: [Dev: Gave 1 [Electro Apple] to Dev]
[05:14:51] [Render thread/INFO] [minecraft/ChatComponent]: [System] [CHAT] Gave 1 [Electro Apple] to Dev
[05:18:03] [Server thread/INFO] [minecraft/MinecraftServer]: [Dev: Teleported Dev to 0.500000, 90.000000, 0.500000]
[05:18:03] [Render thread/INFO] [minecraft/ChatComponent]: [System] [CHAT] Teleported Dev to 0.500000, 90.000000, 0.500000
[05:18:04] [Render thread/INFO] [minecraft/AdvancementTree]: Loaded 99 advancements
[lightningfruit] holding item, keybinds ready
