To honour the JVM settings for this build a single-use Daemon process will be forked. For more on this, please refer to https://docs.gradle.org/8.14.5/userguide/gradle_daemon.html#sec:disabling_the_daemon in the Gradle documentation.
Daemon will be stopped at the end of the build 

FAILURE: Build failed with an exception.

* What went wrong:
Gradle could not start your build.
> Could not create service of type BuildLifecycleController using ServicesProvider.createBuildLifecycleController().
   > Could not create service of type BuildModelController using VintageBuildControllerProvider.createBuildModelController().
      > Could not create service of type FileHasher using BuildSessionServices.createFileHasher().
         > Timeout waiting to lock file hash cache (/work/.gradle/8.14.5/fileHashes). It is currently in use by another Gradle instance.
           Owner PID: unknown
           Our PID: 3066
           Owner Operation: unknown
           Our operation: 
           Lock file: /work/.gradle/8.14.5/fileHashes/fileHashes.lock

* Try:
> Run with --stacktrace option to get the stack trace.
> Run with --info or --debug option to get more log output.
> Run with --scan to get full insights.
> Get more help at https://help.gradle.org.

BUILD FAILED in 1m 6s
