Downloading https://services.gradle.org/distributions/gradle-8.14.5-bin.zip
.............10%.............20%.............30%.............40%.............50%.............60%..............70%.............80%.............90%.............100%

Welcome to Gradle 8.14.5!

Here are the highlights of this release:
 - Java 24 support
 - GraalVM Native Image toolchain selection
 - Enhancements to test reporting
 - Build Authoring improvements

For more details see https://docs.gradle.org/8.14.5/release-notes.html

To honour the JVM settings for this build a single-use Daemon process will be forked. For more on this, please refer to https://docs.gradle.org/8.14.5/userguide/gradle_daemon.html#sec:disabling_the_daemon in the Gradle documentation.
Daemon will be stopped at the end of the build 
> Task :createMinecraftArtifacts FAILED

[Incubating] Problems report is available at: file:///work/build/reports/problems/problems-report.html

FAILURE: Build failed with an exception.

* What went wrong:
Execution failed for task ':createMinecraftArtifacts'.
> Error while evaluating property 'artifactManifestEntries' of task ':createMinecraftArtifacts'.
   > Could not resolve all artifacts for configuration ':neoFormRuntimeExternalTools'.
      > Could not download DiffPatch-2.0.0.36-all.jar (io.codechicken:DiffPatch:2.0.0.36)
         > Could not get resource 'https://maven.neoforged.net/releases/io/codechicken/DiffPatch/2.0.0.36/DiffPatch-2.0.0.36-all.jar'.
            > (bad_record_mac) Tag mismatch!

* Try:
> Run with --stacktrace option to get the stack trace.
> Run with --info or --debug option to get more log output.
> Run with --scan to get full insights.
> Get more help at https://help.gradle.org.

Deprecated Gradle features were used in this build, making it incompatible with Gradle 9.0.

You can use '--warning-mode all' to show the individual deprecation warnings and determine if they come from your own scripts or plugins.

For more on this, please refer to https://docs.gradle.org/8.14.5/userguide/command_line_interface.html#sec:command_line_warnings in the Gradle documentation.

BUILD FAILED in 31s
1 actionable task: 1 executed
