To honour the JVM settings for this build a single-use Daemon process will be forked. For more on this, please refer to https://docs.gradle.org/8.14.5/userguide/gradle_daemon.html#sec:disabling_the_daemon in the Gradle documentation.
Daemon will be stopped at the end of the build 
> Task :createMinecraftArtifacts UP-TO-DATE
> Task :compileJava UP-TO-DATE
> Task :processResources UP-TO-DATE
> Task :classes UP-TO-DATE
> Task :downloadAssets UP-TO-DATE
> Task :writeClientLegacyClasspath UP-TO-DATE
> Task :prepareClientRun UP-TO-DATE

> Task :runClient
WARN StatusConsoleListener Advanced terminal features are not available in this environment
[22:06:52] [main/INFO] [cp.mo.mo.Launcher/MODLAUNCHER]: ModLauncher running: args [--launchTarget, forgeclientdev, --version, 21.1.250, --assetIndex, 17, --assetsDir, C:\\Users\\alexandrik\\.gradle\\caches\\neoformruntime\\assets, --gameDir, ., --fml.fmlVersion, 4.0.44, --fml.mcVersion, 1.21.1, --fml.neoForgeVersion, 21.1.250, --fml.neoFormVersion, 20240808.144430]
[22:06:52] [main/INFO] [cp.mo.mo.Launcher/MODLAUNCHER]: JVM identified as Eclipse Adoptium OpenJDK 64-Bit Server VM 21.0.12.1+1-LTS
[22:06:52] [main/INFO] [cp.mo.mo.Launcher/MODLAUNCHER]: ModLauncher 11.0.5+main.901c6ea8 starting: java version 21.0.12.1 by Eclipse Adoptium; OS Windows 11 arch amd64 version 10.0
[22:06:52] [main/WARN] [ne.ne.fm.lo.FMLConfig/CORE]: Configuration file C:\Users\alexandrik\Desktop\kimi-projects\airplane-3d\lightning-fruit-neoforge\run\config\fml.toml is not correct. Correcting
[22:06:52] [main/INFO] [ne.ne.fm.lo.ImmediateWindowHandler/]: Loading ImmediateWindowProvider fmlearlywindow
[22:06:52] [main/INFO] [EARLYDISPLAY/]: Trying GL version 4.6
[22:06:52] [main/INFO] [EARLYDISPLAY/]: Requested GL version 4.6 got version 4.6
[22:06:53] [main/INFO] [mixin/]: SpongePowered MIXIN Subsystem Version=0.8.7 Source=union:/C:/Users/alexandrik/.gradle/caches/modules-2/files-2.1/net.fabricmc/sponge-mixin/0.15.2+mixin.0.8.7/2af2f021d8e02a0220dc27a7a72b4666d66d44ca/sponge-mixin-0.15.2+mixin.0.8.7.jar%23138!/ Service=ModLauncher Env=CLIENT
[22:06:53] [main/WARN] [ne.ne.fm.lo.FMLConfig/CORE]: Configuration file C:\Users\alexandrik\Desktop\kimi-projects\airplane-3d\lightning-fruit-neoforge\run\config\fml.toml is not correct. Correcting
[22:06:53] [pool-2-thread-1/INFO] [EARLYDISPLAY/]: GL info: AMD Radeon(TM) 8060S Graphics GL version 4.6.0 Core Profile Context 26.3.1.260309, ATI Technologies Inc.
[22:06:53] [main/INFO] [ne.ne.fm.lo.mo.lo.JarInJarDependencyLocator/]: Found 2 dependencies adding them to mods collection
[22:06:53] [main/INFO] [ne.ne.fm.lo.mo.ModDiscoverer/]: 
     Mod List:
		Name Version (Mod Id)

		Lightning Fruit V 1.0.0 (lightningfruit)
		Minecraft 1.21.1 (minecraft)
		NeoForge 21.1.250 (neoforge)
[22:06:54] [main/INFO] [mixin/]: Compatibility level set to JAVA_17
[22:06:54] [main/INFO] [cp.mo.mo.LaunchServiceHandler/MODLAUNCHER]: Launching target 'forgeclientdev' with arguments [--version, 21.1.250, --gameDir, ., --assetsDir, C:\Users\alexandrik\.gradle\caches\neoformruntime\assets, --assetIndex, 17]
[22:06:55] [Datafixer Bootstrap/INFO] [mojang/DataFixerBuilder]: 229 Datafixer optimizations took 157 milliseconds
[22:06:55] [main/WARN] [os.dr.wi.pe.PerfmonDisabled/]: Invalid registry value type detected for PerfOS counters. Should be REG_DWORD. Ignoring: HKEY_LOCAL_MACHINE\SYSTEM\CurrentControlSet\Services\PerfOS\Performance\Disable Performance Counters.
[22:06:55] [pool-7-thread-1/INFO] [MixinExtras|Service/]: Initializing MixinExtras via com.llamalad7.mixinextras.service.MixinExtrasServiceImpl(version=0.5.3).
[22:06:59] [main/WARN] [minecraft/Commands]: Ambiguity between arguments [teleport, location] and [teleport, destination] with inputs: [0.1 -0.5 .9, 0 0 0]
[22:06:59] [main/WARN] [minecraft/Commands]: Ambiguity between arguments [teleport, location] and [teleport, targets] with inputs: [0.1 -0.5 .9, 0 0 0]
[22:06:59] [main/WARN] [minecraft/Commands]: Ambiguity between arguments [teleport, destination] and [teleport, targets] with inputs: [Player, 0123, @e, dd12be42-52a9-4a91-a8a1-11c01849e498]
[22:06:59] [main/WARN] [minecraft/Commands]: Ambiguity between arguments [teleport, targets] and [teleport, destination] with inputs: [Player, 0123, dd12be42-52a9-4a91-a8a1-11c01849e498]
[22:06:59] [main/WARN] [minecraft/Commands]: Ambiguity between arguments [teleport, targets, location] and [teleport, targets, destination] with inputs: [0.1 -0.5 .9, 0 0 0]
[22:06:59] [Render thread/WARN] [minecraft/VanillaPackResourcesBuilder]: Assets URL 'union:/C:/Users/alexandrik/Desktop/kimi-projects/airplane-3d/lightning-fruit-neoforge/build/moddev/artifacts/neoforge-21.1.250.jar%23189!/assets/.mcassetsroot' uses unexpected schema
[22:06:59] [Render thread/WARN] [minecraft/VanillaPackResourcesBuilder]: Assets URL 'union:/C:/Users/alexandrik/Desktop/kimi-projects/airplane-3d/lightning-fruit-neoforge/build/moddev/artifacts/neoforge-21.1.250.jar%23189!/data/.mcassetsroot' uses unexpected schema
[22:06:59] [Render thread/INFO] [mojang/YggdrasilAuthenticationService]: Environment: Environment[sessionHost=https://sessionserver.mojang.com, servicesHost=https://api.minecraftservices.com, name=PROD]
[22:06:59] [Render thread/INFO] [minecraft/Minecraft]: Setting user: Dev
[22:06:59] [Render thread/INFO] [minecraft/Minecraft]: Backend library: LWJGL version 3.3.3+5
[22:06:59] [modloading-worker-0/INFO] [ne.ne.ne.co.NeoForgeMod/NEOFORGE-MOD]: NeoForge mod loading, version 21.1.250, for MC 1.21.1
[22:06:59] [Render thread/INFO] [ne.ne.ne.ga.GameTestHooks/]: Enabled Gametest Namespaces: [lightningfruit]
[lightningfruit] KeyBindings registered: Z/X/C/F/V/H
[22:07:00] [Render thread/INFO] [minecraft/ReloadableResourceManager]: Reloading ResourceManager: vanilla, mod_resources, mod/lightningfruit, mod/neoforge
[22:07:00] [Worker-Main-10/INFO] [minecraft/UnihexProvider]: Found unifont_all_no_pua-15.1.05.hex, loading
[22:07:00] [Worker-Main-9/INFO] [minecraft/UnihexProvider]: Found unifont_jp_patch-15.1.05.hex, loading
[22:07:00] [Worker-Main-6/WARN] [minecraft/ModelBakery]: Unable to load model: 'lightningfruit:item/fallen_exorcist_spawn_egg' referenced from: lightningfruit:item/fallen_exorcist_spawn_egg: java.io.FileNotFoundException: lightningfruit:models/item/fallen_exorcist_spawn_egg.json
[22:07:01] [Render thread/WARN] [minecraft/SoundEngine]: Missing sound for event: minecraft:item.goat_horn.play
[22:07:01] [Render thread/WARN] [minecraft/SoundEngine]: Missing sound for event: minecraft:entity.goat.screaming.horn_break
[22:07:01] [Render thread/INFO] [mojang/Library]: OpenAL initialized on device OpenAL Soft on Headphones (WH-1000XM4)
[22:07:01] [Render thread/INFO] [minecraft/SoundEngine]: Sound engine started
[22:07:01] [Render thread/INFO] [minecraft/TextureAtlas]: Created: 1024x512x4 minecraft:textures/atlas/blocks.png-atlas
[22:07:01] [Render thread/INFO] [minecraft/TextureAtlas]: Created: 256x256x4 minecraft:textures/atlas/signs.png-atlas
[22:07:01] [Render thread/INFO] [minecraft/TextureAtlas]: Created: 512x512x4 minecraft:textures/atlas/banner_patterns.png-atlas
[22:07:01] [Render thread/INFO] [minecraft/TextureAtlas]: Created: 512x512x4 minecraft:textures/atlas/shield_patterns.png-atlas
[22:07:01] [Render thread/INFO] [minecraft/TextureAtlas]: Created: 1024x1024x4 minecraft:textures/atlas/armor_trims.png-atlas
[22:07:01] [Render thread/INFO] [minecraft/TextureAtlas]: Created: 256x256x4 minecraft:textures/atlas/chest.png-atlas
[22:07:01] [Render thread/INFO] [minecraft/TextureAtlas]: Created: 128x64x4 minecraft:textures/atlas/decorated_pot.png-atlas
[22:07:01] [Render thread/INFO] [minecraft/TextureAtlas]: Created: 512x256x4 minecraft:textures/atlas/beds.png-atlas
[22:07:01] [Render thread/INFO] [minecraft/TextureAtlas]: Created: 512x256x4 minecraft:textures/atlas/shulker_boxes.png-atlas
[22:07:01] [Render thread/INFO] [minecraft/TextureAtlas]: Created: 512x256x0 minecraft:textures/atlas/particles.png-atlas
[22:07:01] [Render thread/INFO] [minecraft/TextureAtlas]: Created: 512x256x0 minecraft:textures/atlas/paintings.png-atlas
[22:07:01] [Render thread/INFO] [minecraft/TextureAtlas]: Created: 256x128x0 minecraft:textures/atlas/mob_effects.png-atlas
[22:07:01] [Render thread/INFO] [minecraft/TextureAtlas]: Created: 64x64x0 minecraft:textures/atlas/map_decorations.png-atlas
[22:07:01] [Render thread/INFO] [minecraft/TextureAtlas]: Created: 1024x512x0 minecraft:textures/atlas/gui.png-atlas
[22:07:01] [Render thread/WARN] [minecraft/ShaderInstance]: Shader rendertype_entity_translucent_emissive could not find sampler named Sampler2 in the specified shader program.
[22:07:01] [Render thread/INFO] [ne.ne.ne.cl.en.an.js.AnimationLoader/]: Loaded 0 entity animations
[22:07:53] [Render thread/INFO] [minecraft/RecipeManager]: Loaded 1290 recipes
[22:07:53] [Render thread/INFO] [minecraft/AdvancementTree]: Loaded 1399 advancements
[22:07:53] [Server thread/INFO] [minecraft/IntegratedServer]: Starting integrated minecraft server version 1.21.1
[22:07:53] [Server thread/INFO] [minecraft/MinecraftServer]: Generating keypair
[22:07:54] [Server thread/INFO] [minecraft/MinecraftServer]: Preparing start region for dimension minecraft:overworld
[22:07:54] [progressListener/INFO] [minecraft/LoggerChunkProgressListener]: Preparing spawn area: 0%
[22:07:54] [Server thread/INFO] [ne.ne.ne.se.pe.PermissionAPI/]: Successfully initialized permission handler neoforge:default_handler
[22:07:54] [progressListener/INFO] [minecraft/LoggerChunkProgressListener]: Time elapsed: 245 ms
[22:07:54] [Server thread/INFO] [minecraft/IntegratedServer]: Changing view distance to 12, from 10
[22:07:54] [Server thread/INFO] [minecraft/IntegratedServer]: Changing simulation distance to 12, from 0
[22:07:55] [Server thread/INFO] [minecraft/PlayerList]: Dev[local:E:d65ffea0] logged in with entity id 15 at (1013.6398448547161, 141.0, 951.7832629170906)
[22:07:55] [Server thread/INFO] [minecraft/MinecraftServer]: Dev joined the game
[22:07:55] [Render thread/INFO] [minecraft/AdvancementTree]: Loaded 99 advancements
[lightningfruit] holding item, keybinds ready
[lightningfruit] holding item, keybinds ready
[22:08:06] [Server thread/WARN] [minecraft/PersistentEntitySectionManager]: UUID of added entity already exists: StormEntity['Storm'/420, l='ServerLevel[New World]', x=1012.54, y=141.00, z=952.67]
[lightningfruit] Z released, held=1 variant=0
[22:08:08] [Render thread/INFO] [minecraft/AdvancementTree]: Loaded 99 advancements
[lightningfruit] Z released, held=2 variant=0
[lightningfruit] Z released, held=1 variant=0
[lightningfruit] holding item, keybinds ready
[lightningfruit] Z released, held=1 variant=0
[lightningfruit] Z released, held=2 variant=0
[lightningfruit] Z released, held=1 variant=0
[lightningfruit] Z released, held=2 variant=0
[lightningfruit] holding item, keybinds ready
[22:08:17] [Server thread/WARN] [minecraft/PersistentEntitySectionManager]: UUID of added entity already exists: StormEntity['Storm'/465, l='ServerLevel[New World]', x=1014.04, y=141.00, z=954.98]
[lightningfruit] holding item, keybinds ready
[lightningfruit] holding item, keybinds ready
[lightningfruit] holding item, keybinds ready
[lightningfruit] holding item, keybinds ready
[lightningfruit] holding item, keybinds ready
[lightningfruit] holding item, keybinds ready
[lightningfruit] holding item, keybinds ready
[lightningfruit] holding item, keybinds ready
[lightningfruit] holding item, keybinds ready
[lightningfruit] holding item, keybinds ready
[lightningfruit] holding item, keybinds ready
[lightningfruit] holding item, keybinds ready
[lightningfruit] holding item, keybinds ready
[lightningfruit] holding item, keybinds ready
[lightningfruit] holding item, keybinds ready
[lightningfruit] holding item, keybinds ready
[lightningfruit] holding item, keybinds ready
[lightningfruit] holding item, keybinds ready
[lightningfruit] holding item, keybinds ready
[lightningfruit] holding item, keybinds ready
[lightningfruit] holding item, keybinds ready
[lightningfruit] holding item, keybinds ready
[lightningfruit] holding item, keybinds ready
[lightningfruit] holding item, keybinds ready
[22:10:15] [Server thread/INFO] [minecraft/IntegratedServer]: Saving and pausing game...
[22:10:15] [Server thread/INFO] [minecraft/MinecraftServer]: Saving chunks for level 'ServerLevel[New World]'/minecraft:overworld
[22:10:15] [Server thread/INFO] [minecraft/MinecraftServer]: Saving chunks for level 'ServerLevel[New World]'/minecraft:the_nether
[22:10:15] [Server thread/INFO] [minecraft/MinecraftServer]: Saving chunks for level 'ServerLevel[New World]'/minecraft:the_end
[22:10:18] [Server thread/INFO] [minecraft/IntegratedServer]: Saving and pausing game...
[22:10:18] [Server thread/INFO] [minecraft/MinecraftServer]: Saving chunks for level 'ServerLevel[New World]'/minecraft:overworld
[22:10:18] [Server thread/INFO] [minecraft/MinecraftServer]: Saving chunks for level 'ServerLevel[New World]'/minecraft:the_nether
[22:10:18] [Server thread/INFO] [minecraft/MinecraftServer]: Saving chunks for level 'ServerLevel[New World]'/minecraft:the_end
[lightningfruit] holding item, keybinds ready
[lightningfruit] holding item, keybinds ready
[lightningfruit] holding item, keybinds ready
[lightningfruit] holding item, keybinds ready
[lightningfruit] holding item, keybinds ready
[22:10:41] [Server thread/INFO] [minecraft/IntegratedServer]: Saving and pausing game...
[22:10:41] [Server thread/INFO] [minecraft/MinecraftServer]: Saving chunks for level 'ServerLevel[New World]'/minecraft:overworld
[22:10:41] [Server thread/INFO] [minecraft/MinecraftServer]: Saving chunks for level 'ServerLevel[New World]'/minecraft:the_nether
[22:10:41] [Server thread/INFO] [minecraft/MinecraftServer]: Saving chunks for level 'ServerLevel[New World]'/minecraft:the_end
[22:10:42] [Server thread/INFO] [minecraft/ServerGamePacketListenerImpl]: Dev lost connection: Disconnected
[22:10:42] [Server thread/INFO] [minecraft/MinecraftServer]: Dev left the game
[22:10:42] [Server thread/INFO] [minecraft/ServerCommonPacketListenerImpl]: Stopping singleplayer server as player logged out
[22:10:42] [Server thread/INFO] [minecraft/MinecraftServer]: Stopping server
[22:10:42] [Server thread/INFO] [minecraft/MinecraftServer]: Saving players
[22:10:42] [Server thread/INFO] [minecraft/MinecraftServer]: Saving worlds
[22:10:42] [Server thread/INFO] [minecraft/MinecraftServer]: Saving chunks for level 'ServerLevel[New World]'/minecraft:overworld
[22:10:43] [Server thread/INFO] [minecraft/MinecraftServer]: Saving chunks for level 'ServerLevel[New World]'/minecraft:the_nether
[22:10:43] [Server thread/INFO] [minecraft/MinecraftServer]: Saving chunks for level 'ServerLevel[New World]'/minecraft:the_end
[22:10:43] [Server thread/INFO] [minecraft/MinecraftServer]: ThreadedAnvilChunkStorage (New World): All chunks are saved
[22:10:43] [Server thread/INFO] [minecraft/MinecraftServer]: ThreadedAnvilChunkStorage (DIM-1): All chunks are saved
[22:10:43] [Server thread/INFO] [minecraft/MinecraftServer]: ThreadedAnvilChunkStorage (DIM1): All chunks are saved
[22:10:43] [Server thread/INFO] [minecraft/MinecraftServer]: ThreadedAnvilChunkStorage: All dimensions are saved
[22:10:43] [Render thread/INFO] [minecraft/Minecraft]: Stopping!

BUILD SUCCESSFUL in 4m
7 actionable tasks: 1 executed, 6 up-to-date
